#-----------------------------------------------------------
# Vivado Lab Edition v2021.1 (64-bit)
# SW Build 3247384 on Thu Jun 10 19:36:07 MDT 2021
# 
# Start of session at: Fri Nov  7 13:35:48 2025
# Process ID: 32195
# Current directory: /home/cscdev/EMULIB_V15_Master_mod_by_Ange/emu
# Command line: vivado_lab
# Log file: /home/cscdev/EMULIB_V15_Master_mod_by_Ange/emu/vivado_lab.log
# Journal file: /home/cscdev/EMULIB_V15_Master_mod_by_Ange/emu/vivado_lab.jou
#-----------------------------------------------------------
start_gui
open_hw_manager
INFO: [Labtools 27-2285] Connecting to hw_server url TCP:localhost:3121
INFO: [Labtools 27-2222] Launching hw_server...
INFO: [Labtools 27-2221] Launch Output:

****** Xilinx hw_server v2021.1
  **** Build date : Jun 10 2021 at 20:11:57
    ** Copyright 1986-2021 Xilinx, Inc. All Rights Reserved.


INFO: [Labtools 27-3415] Connecting to cs_server url TCP:localhost:3042
INFO: [Labtools 27-3417] Launching cs_server...
INFO: [Labtools 27-2221] Launch Output:


******** Xilinx cs_server v2021.1
  ****** Build date   : May 26 2021-12:32:33
    **** Build number : 2021.1.1622050353
      ** Copyright 2017-2025 Xilinx, Inc. All Rights Reserved.



INFO: [Labtools 27-2285] Connecting to hw_server url TCP:localhost:3121
INFO: [Labtools 27-2222] Launching hw_server...
INFO: [Labtools 27-2221] Launch Output:

****** Xilinx hw_server v2021.1
  **** Build date : Jun 10 2021 at 20:11:57
    ** Copyright 1986-2021 Xilinx, Inc. All Rights Reserved.


INFO: [Labtools 27-3415] Connecting to cs_server url TCP:localhost:3042
INFO: [Labtools 27-3417] Launching cs_server...
INFO: [Labtools 27-2221] Launch Output:


******** Xilinx cs_server v2021.1
  ****** Build date   : May 26 2021-12:32:33
    **** Build number : 2021.1.1622050353
      ** Copyright 2017-2025 Xilinx, Inc. All Rights Reserved.



connect_hw_server -url localhost:3121 -allow_non_jtag
INFO: [Labtools 27-2285] Connecting to hw_server url TCP:localhost:3121
INFO: [Labtools 27-3415] Connecting to cs_server url TCP:localhost:3042
INFO: [Labtools 27-3414] Connected to existing cs_server.
current_hw_target [get_hw_targets */xilinx_tcf/Xilinx/000013c9c45d01]
set_property PARAM.FREQUENCY 6000000 [get_hw_targets */xilinx_tcf/Xilinx/000013c9c45d01]
open_hw_target
INFO: [Labtoolstcl 44-466] Opening hw_target localhost:3121/xilinx_tcf/Xilinx/000013c9c45d01
current_hw_device [get_hw_devices xcku035_0]
refresh_hw_device -update_hw_probes false [lindex [get_hw_devices xcku035_0] 0]
INFO: [Labtools 27-2302] Device xcku035 (JTAG device index = 0) is programmed with a design that has 2 ILA core(s).
INFO: [Labtools 27-2302] Device xcku035 (JTAG device index = 0) is programmed with a design that has 1 VIO core(s).
refresh_hw_device: Time (s): cpu = 00:00:20 ; elapsed = 00:00:10 . Memory (MB): peak = 8077.781 ; gain = 815.895 ; free physical = 24761 ; free virtual = 42944
set_property PROBES.FILE {} [get_hw_devices xcku035_0]
set_property FULL_PROBES.FILE {} [get_hw_devices xcku035_0]
set_property PROGRAM.FILE {/home/cscdev/odmb7/odmb7_ucsb_dev_PRBS31_always.bit} [get_hw_devices xcku035_0]
program_hw_devices [get_hw_devices xcku035_0]
INFO: [Labtools 27-3164] End of startup status: HIGH
program_hw_devices: Time (s): cpu = 00:00:21 ; elapsed = 00:00:20 . Memory (MB): peak = 8097.602 ; gain = 5.652 ; free physical = 24682 ; free virtual = 42873
refresh_hw_device [lindex [get_hw_devices xcku035_0] 0]
INFO: [Labtools 27-2302] Device xcku035 (JTAG device index = 0) is programmed with a design that has 1 ILA core(s).
WARNING: [Labtools 27-1347] Unable to find Debug Probes file []. Please update hw_device property [PROBES.FILE]
 Update of hw_probe objects, will be skipped.
WARNING: [Labtools 27-1974] Mismatch between the design programmed into the device xcku035_0 and the probes file(s) .
The device design has 1 ILA core(s) and 0 VIO core(s). 0 ILA core(s) and 0 VIO core(s) are matched in the probes file(s).
Resolution: 
1. Reprogram device with the correct programming file and associated probes file(s) OR
2. Goto device properties and associate the correct probes file(s) with the programming file already programmed in the device.
ERROR: [Labtoolstcl 44-513] HW Target shutdown. Closing target: localhost:3121/xilinx_tcf/Xilinx/000013c9c45d01
exit
INFO: [Common 17-206] Exiting vivado_lab at Fri Nov  7 14:55:47 2025...
